2026-02-10 21:16:07,149 INFO: 
  name: NAFNet_deblurring
  model_type: ImageCleanModel
  scale: 1
  num_gpu: 1
  manual_seed: 100
  datasets:[
    train:[
      name: TrainSet
      type: Dataset_PairedImage
      in_ch: 3
      dataroot_gt: dataset/train/gt_image_down_all_sub
      dataroot_lq: dataset/train/blur_image_down_all_sub
      meta_info_file: dataset/train/meta_info_train_all.txt
      geometric_augs: True
      filename_tmpl: {}
      io_backend:[
        type: disk
      ]
      use_shuffle: True
      num_worker_per_gpu: 8
      batch_size_per_gpu: 8
      mini_batch_sizes: [8, 5, 4, 2, 1, 1]
      iters: [184000, 128000, 96000, 72000, 72000, 48000]
      gt_size: 384
      gt_sizes: [192, 256, 320, 384, 512, 1024]
      dataset_enlarge_ratio: 1
      prefetch_mode: None
      phase: train
      scale: 1
    ]
    val:[
      name: ValSet
      type: Dataset_PairedImage
      in_ch: 3
      dataroot_gt: dataset/train/gt
      dataroot_lq: dataset/train/input
      meta_info_file: dataset/train/meta_info_val.txt
      io_backend:[
        type: disk
      ]
      phase: val
      scale: 1
    ]
  ]
  network_g:[
    type: NAFNet
    img_channel: 3
    width: 24
    middle_blk_num: 1
    enc_blk_nums: [1, 1, 1, 10]
    dec_blk_nums: [1, 1, 1, 1]
  ]
  path:[
    pretrain_network_g: None
    strict_load_g: True
    resume_state: None
    output: file/output/phase2
    root: D:\IMGDeblur
    experiments_root: file/output/phase2\experiments\NAFNet_deblurring
    models: file/output/phase2\experiments\NAFNet_deblurring\models
    training_states: file/output/phase2\experiments\NAFNet_deblurring\training_states
    log: file/output/phase2\experiments\NAFNet_deblurring
    visualization: file/output/phase2\experiments\NAFNet_deblurring\visualization
  ]
  train:[
    total_iter: 600000
    warmup_iter: -1
    use_grad_clip: True
    scheduler:[
      type: CosineAnnealingRestartCyclicLR
      learning_rate: 0.0002
      periods: [184000, 416000]
      restart_weights: [1, 1]
      eta_mins: [1e-05, 1e-06]
    ]
    mixing_augs:[
      mixup: True
      mixup_beta: 1.2
      use_identity: True
    ]
    optim_g:[
      type: AdamW
      weight_decay: 0.0001
      beta1: 0.9
      beta2: 0.999
    ]
    pixel_opt:[
      type: CompositeLoss
      loss_weight: 1
      reduction: mean
    ]
  ]
  val:[
    window_size: 0
    val_freq: 1000.0
    save_img: False
    rgb2bgr: True
    use_image: False
    max_minibatch: 8
    metrics:[
      psnr:[
        type: calculate_psnr
        crop_border: 0
        test_y_channel: False
      ]
    ]
  ]
  logger:[
    print_freq: 100
    save_checkpoint_freq: 1000.0
    use_tb_logger: False
    wandb:[
      project: None
      resume_id: None
    ]
  ]
  dist_params:[
    backend: nccl
    port: 29500
  ]
  is_train: True
  dist: False
  rank: 0
  world_size: 1

2026-02-10 21:16:07,401 INFO: Network: NAFNet, with parameters: 4,918,923
2026-02-10 21:16:07,401 INFO: NAFNet(
  (intro): Conv2D(3, 24, kernel_size=[3, 3], padding=1, data_format=NCHW)
  (ending): Conv2D(24, 3, kernel_size=[3, 3], padding=1, data_format=NCHW)
  (encoders): LayerList(
    (0): Sequential(
      (0): NAFBlock(
        (conv1): Conv2D(24, 48, kernel_size=[1, 1], data_format=NCHW)
        (conv2): Conv2D(48, 48, kernel_size=[3, 3], padding=1, groups=48, data_format=NCHW)
        (conv3): Conv2D(24, 24, kernel_size=[1, 1], data_format=NCHW)
        (sca): Sequential(
          (0): AdaptiveAvgPool2D(output_size=1)
          (1): Conv2D(24, 24, kernel_size=[1, 1], data_format=NCHW)
        )
        (sg): SimpleGate()
        (conv4): Conv2D(24, 48, kernel_size=[1, 1], data_format=NCHW)
        (conv5): Conv2D(24, 24, kernel_size=[1, 1], data_format=NCHW)
        (norm1): LayerNorm(
          (body): WithBias_LayerNorm()
        )
        (norm2): LayerNorm(
          (body): WithBias_LayerNorm()
        )
        (dropout1): Identity()
        (dropout2): Identity()
      )
    )
    (1): Sequential(
      (0): NAFBlock(
        (conv1): Conv2D(48, 96, kernel_size=[1, 1], data_format=NCHW)
        (conv2): Conv2D(96, 96, kernel_size=[3, 3], padding=1, groups=96, data_format=NCHW)
        (conv3): Conv2D(48, 48, kernel_size=[1, 1], data_format=NCHW)
        (sca): Sequential(
          (0): AdaptiveAvgPool2D(output_size=1)
          (1): Conv2D(48, 48, kernel_size=[1, 1], data_format=NCHW)
        )
        (sg): SimpleGate()
        (conv4): Conv2D(48, 96, kernel_size=[1, 1], data_format=NCHW)
        (conv5): Conv2D(48, 48, kernel_size=[1, 1], data_format=NCHW)
        (norm1): LayerNorm(
          (body): WithBias_LayerNorm()
        )
        (norm2): LayerNorm(
          (body): WithBias_LayerNorm()
        )
        (dropout1): Identity()
        (dropout2): Identity()
      )
    )
    (2): Sequential(
      (0): NAFBlock(
        (conv1): Conv2D(96, 192, kernel_size=[1, 1], data_format=NCHW)
        (conv2): Conv2D(192, 192, kernel_size=[3, 3], padding=1, groups=192, data_format=NCHW)
        (conv3): Conv2D(96, 96, kernel_size=[1, 1], data_format=NCHW)
        (sca): Sequential(
          (0): AdaptiveAvgPool2D(output_size=1)
          (1): Conv2D(96, 96, kernel_size=[1, 1], data_format=NCHW)
        )
        (sg): SimpleGate()
        (conv4): Conv2D(96, 192, kernel_size=[1, 1], data_format=NCHW)
        (conv5): Conv2D(96, 96, kernel_size=[1, 1], data_format=NCHW)
        (norm1): LayerNorm(
          (body): WithBias_LayerNorm()
        )
        (norm2): LayerNorm(
          (body): WithBias_LayerNorm()
        )
        (dropout1): Identity()
        (dropout2): Identity()
      )
    )
    (3): Sequential(
      (0): NAFBlock(
        (conv1): Conv2D(192, 384, kernel_size=[1, 1], data_format=NCHW)
        (conv2): Conv2D(384, 384, kernel_size=[3, 3], padding=1, groups=384, data_format=NCHW)
        (conv3): Conv2D(192, 192, kernel_size=[1, 1], data_format=NCHW)
        (sca): Sequential(
          (0): AdaptiveAvgPool2D(output_size=1)
          (1): Conv2D(192, 192, kernel_size=[1, 1], data_format=NCHW)
        )
        (sg): SimpleGate()
        (conv4): Conv2D(192, 384, kernel_size=[1, 1], data_format=NCHW)
        (conv5): Conv2D(192, 192, kernel_size=[1, 1], data_format=NCHW)
        (norm1): LayerNorm(
          (body): WithBias_LayerNorm()
        )
        (norm2): LayerNorm(
          (body): WithBias_LayerNorm()
        )
        (dropout1): Identity()
        (dropout2): Identity()
      )
      (1): NAFBlock(
        (conv1): Conv2D(192, 384, kernel_size=[1, 1], data_format=NCHW)
        (conv2): Conv2D(384, 384, kernel_size=[3, 3], padding=1, groups=384, data_format=NCHW)
        (conv3): Conv2D(192, 192, kernel_size=[1, 1], data_format=NCHW)
        (sca): Sequential(
          (0): AdaptiveAvgPool2D(output_size=1)
          (1): Conv2D(192, 192, kernel_size=[1, 1], data_format=NCHW)
        )
        (sg): SimpleGate()
        (conv4): Conv2D(192, 384, kernel_size=[1, 1], data_format=NCHW)
        (conv5): Conv2D(192, 192, kernel_size=[1, 1], data_format=NCHW)
        (norm1): LayerNorm(
          (body): WithBias_LayerNorm()
        )
        (norm2): LayerNorm(
          (body): WithBias_LayerNorm()
        )
        (dropout1): Identity()
        (dropout2): Identity()
      )
      (2): NAFBlock(
        (conv1): Conv2D(192, 384, kernel_size=[1, 1], data_format=NCHW)
        (conv2): Conv2D(384, 384, kernel_size=[3, 3], padding=1, groups=384, data_format=NCHW)
        (conv3): Conv2D(192, 192, kernel_size=[1, 1], data_format=NCHW)
        (sca): Sequential(
          (0): AdaptiveAvgPool2D(output_size=1)
          (1): Conv2D(192, 192, kernel_size=[1, 1], data_format=NCHW)
        )
        (sg): SimpleGate()
        (conv4): Conv2D(192, 384, kernel_size=[1, 1], data_format=NCHW)
        (conv5): Conv2D(192, 192, kernel_size=[1, 1], data_format=NCHW)
        (norm1): LayerNorm(
          (body): WithBias_LayerNorm()
        )
        (norm2): LayerNorm(
          (body): WithBias_LayerNorm()
        )
        (dropout1): Identity()
        (dropout2): Identity()
      )
      (3): NAFBlock(
        (conv1): Conv2D(192, 384, kernel_size=[1, 1], data_format=NCHW)
        (conv2): Conv2D(384, 384, kernel_size=[3, 3], padding=1, groups=384, data_format=NCHW)
        (conv3): Conv2D(192, 192, kernel_size=[1, 1], data_format=NCHW)
        (sca): Sequential(
          (0): AdaptiveAvgPool2D(output_size=1)
          (1): Conv2D(192, 192, kernel_size=[1, 1], data_format=NCHW)
        )
        (sg): SimpleGate()
        (conv4): Conv2D(192, 384, kernel_size=[1, 1], data_format=NCHW)
        (conv5): Conv2D(192, 192, kernel_size=[1, 1], data_format=NCHW)
        (norm1): LayerNorm(
          (body): WithBias_LayerNorm()
        )
        (norm2): LayerNorm(
          (body): WithBias_LayerNorm()
        )
        (dropout1): Identity()
        (dropout2): Identity()
      )
      (4): NAFBlock(
        (conv1): Conv2D(192, 384, kernel_size=[1, 1], data_format=NCHW)
        (conv2): Conv2D(384, 384, kernel_size=[3, 3], padding=1, groups=384, data_format=NCHW)
        (conv3): Conv2D(192, 192, kernel_size=[1, 1], data_format=NCHW)
        (sca): Sequential(
          (0): AdaptiveAvgPool2D(output_size=1)
          (1): Conv2D(192, 192, kernel_size=[1, 1], data_format=NCHW)
        )
        (sg): SimpleGate()
        (conv4): Conv2D(192, 384, kernel_size=[1, 1], data_format=NCHW)
        (conv5): Conv2D(192, 192, kernel_size=[1, 1], data_format=NCHW)
        (norm1): LayerNorm(
          (body): WithBias_LayerNorm()
        )
        (norm2): LayerNorm(
          (body): WithBias_LayerNorm()
        )
        (dropout1): Identity()
        (dropout2): Identity()
      )
      (5): NAFBlock(
        (conv1): Conv2D(192, 384, kernel_size=[1, 1], data_format=NCHW)
        (conv2): Conv2D(384, 384, kernel_size=[3, 3], padding=1, groups=384, data_format=NCHW)
        (conv3): Conv2D(192, 192, kernel_size=[1, 1], data_format=NCHW)
        (sca): Sequential(
          (0): AdaptiveAvgPool2D(output_size=1)
          (1): Conv2D(192, 192, kernel_size=[1, 1], data_format=NCHW)
        )
        (sg): SimpleGate()
        (conv4): Conv2D(192, 384, kernel_size=[1, 1], data_format=NCHW)
        (conv5): Conv2D(192, 192, kernel_size=[1, 1], data_format=NCHW)
        (norm1): LayerNorm(
          (body): WithBias_LayerNorm()
        )
        (norm2): LayerNorm(
          (body): WithBias_LayerNorm()
        )
        (dropout1): Identity()
        (dropout2): Identity()
      )
      (6): NAFBlock(
        (conv1): Conv2D(192, 384, kernel_size=[1, 1], data_format=NCHW)
        (conv2): Conv2D(384, 384, kernel_size=[3, 3], padding=1, groups=384, data_format=NCHW)
        (conv3): Conv2D(192, 192, kernel_size=[1, 1], data_format=NCHW)
        (sca): Sequential(
          (0): AdaptiveAvgPool2D(output_size=1)
          (1): Conv2D(192, 192, kernel_size=[1, 1], data_format=NCHW)
        )
        (sg): SimpleGate()
        (conv4): Conv2D(192, 384, kernel_size=[1, 1], data_format=NCHW)
        (conv5): Conv2D(192, 192, kernel_size=[1, 1], data_format=NCHW)
        (norm1): LayerNorm(
          (body): WithBias_LayerNorm()
        )
        (norm2): LayerNorm(
          (body): WithBias_LayerNorm()
        )
        (dropout1): Identity()
        (dropout2): Identity()
      )
      (7): NAFBlock(
        (conv1): Conv2D(192, 384, kernel_size=[1, 1], data_format=NCHW)
        (conv2): Conv2D(384, 384, kernel_size=[3, 3], padding=1, groups=384, data_format=NCHW)
        (conv3): Conv2D(192, 192, kernel_size=[1, 1], data_format=NCHW)
        (sca): Sequential(
          (0): AdaptiveAvgPool2D(output_size=1)
          (1): Conv2D(192, 192, kernel_size=[1, 1], data_format=NCHW)
        )
        (sg): SimpleGate()
        (conv4): Conv2D(192, 384, kernel_size=[1, 1], data_format=NCHW)
        (conv5): Conv2D(192, 192, kernel_size=[1, 1], data_format=NCHW)
        (norm1): LayerNorm(
          (body): WithBias_LayerNorm()
        )
        (norm2): LayerNorm(
          (body): WithBias_LayerNorm()
        )
        (dropout1): Identity()
        (dropout2): Identity()
      )
      (8): NAFBlock(
        (conv1): Conv2D(192, 384, kernel_size=[1, 1], data_format=NCHW)
        (conv2): Conv2D(384, 384, kernel_size=[3, 3], padding=1, groups=384, data_format=NCHW)
        (conv3): Conv2D(192, 192, kernel_size=[1, 1], data_format=NCHW)
        (sca): Sequential(
          (0): AdaptiveAvgPool2D(output_size=1)
          (1): Conv2D(192, 192, kernel_size=[1, 1], data_format=NCHW)
        )
        (sg): SimpleGate()
        (conv4): Conv2D(192, 384, kernel_size=[1, 1], data_format=NCHW)
        (conv5): Conv2D(192, 192, kernel_size=[1, 1], data_format=NCHW)
        (norm1): LayerNorm(
          (body): WithBias_LayerNorm()
        )
        (norm2): LayerNorm(
          (body): WithBias_LayerNorm()
        )
        (dropout1): Identity()
        (dropout2): Identity()
      )
      (9): NAFBlock(
        (conv1): Conv2D(192, 384, kernel_size=[1, 1], data_format=NCHW)
        (conv2): Conv2D(384, 384, kernel_size=[3, 3], padding=1, groups=384, data_format=NCHW)
        (conv3): Conv2D(192, 192, kernel_size=[1, 1], data_format=NCHW)
        (sca): Sequential(
          (0): AdaptiveAvgPool2D(output_size=1)
          (1): Conv2D(192, 192, kernel_size=[1, 1], data_format=NCHW)
        )
        (sg): SimpleGate()
        (conv4): Conv2D(192, 384, kernel_size=[1, 1], data_format=NCHW)
        (conv5): Conv2D(192, 192, kernel_size=[1, 1], data_format=NCHW)
        (norm1): LayerNorm(
          (body): WithBias_LayerNorm()
        )
        (norm2): LayerNorm(
          (body): WithBias_LayerNorm()
        )
        (dropout1): Identity()
        (dropout2): Identity()
      )
    )
  )
  (decoders): LayerList(
    (0): Sequential(
      (0): NAFBlock(
        (conv1): Conv2D(192, 384, kernel_size=[1, 1], data_format=NCHW)
        (conv2): Conv2D(384, 384, kernel_size=[3, 3], padding=1, groups=384, data_format=NCHW)
        (conv3): Conv2D(192, 192, kernel_size=[1, 1], data_format=NCHW)
        (sca): Sequential(
          (0): AdaptiveAvgPool2D(output_size=1)
          (1): Conv2D(192, 192, kernel_size=[1, 1], data_format=NCHW)
        )
        (sg): SimpleGate()
        (conv4): Conv2D(192, 384, kernel_size=[1, 1], data_format=NCHW)
        (conv5): Conv2D(192, 192, kernel_size=[1, 1], data_format=NCHW)
        (norm1): LayerNorm(
          (body): WithBias_LayerNorm()
        )
        (norm2): LayerNorm(
          (body): WithBias_LayerNorm()
        )
        (dropout1): Identity()
        (dropout2): Identity()
      )
    )
    (1): Sequential(
      (0): NAFBlock(
        (conv1): Conv2D(96, 192, kernel_size=[1, 1], data_format=NCHW)
        (conv2): Conv2D(192, 192, kernel_size=[3, 3], padding=1, groups=192, data_format=NCHW)
        (conv3): Conv2D(96, 96, kernel_size=[1, 1], data_format=NCHW)
        (sca): Sequential(
          (0): AdaptiveAvgPool2D(output_size=1)
          (1): Conv2D(96, 96, kernel_size=[1, 1], data_format=NCHW)
        )
        (sg): SimpleGate()
        (conv4): Conv2D(96, 192, kernel_size=[1, 1], data_format=NCHW)
        (conv5): Conv2D(96, 96, kernel_size=[1, 1], data_format=NCHW)
        (norm1): LayerNorm(
          (body): WithBias_LayerNorm()
        )
        (norm2): LayerNorm(
          (body): WithBias_LayerNorm()
        )
        (dropout1): Identity()
        (dropout2): Identity()
      )
    )
    (2): Sequential(
      (0): NAFBlock(
        (conv1): Conv2D(48, 96, kernel_size=[1, 1], data_format=NCHW)
        (conv2): Conv2D(96, 96, kernel_size=[3, 3], padding=1, groups=96, data_format=NCHW)
        (conv3): Conv2D(48, 48, kernel_size=[1, 1], data_format=NCHW)
        (sca): Sequential(
          (0): AdaptiveAvgPool2D(output_size=1)
          (1): Conv2D(48, 48, kernel_size=[1, 1], data_format=NCHW)
        )
        (sg): SimpleGate()
        (conv4): Conv2D(48, 96, kernel_size=[1, 1], data_format=NCHW)
        (conv5): Conv2D(48, 48, kernel_size=[1, 1], data_format=NCHW)
        (norm1): LayerNorm(
          (body): WithBias_LayerNorm()
        )
        (norm2): LayerNorm(
          (body): WithBias_LayerNorm()
        )
        (dropout1): Identity()
        (dropout2): Identity()
      )
    )
    (3): Sequential(
      (0): NAFBlock(
        (conv1): Conv2D(24, 48, kernel_size=[1, 1], data_format=NCHW)
        (conv2): Conv2D(48, 48, kernel_size=[3, 3], padding=1, groups=48, data_format=NCHW)
        (conv3): Conv2D(24, 24, kernel_size=[1, 1], data_format=NCHW)
        (sca): Sequential(
          (0): AdaptiveAvgPool2D(output_size=1)
          (1): Conv2D(24, 24, kernel_size=[1, 1], data_format=NCHW)
        )
        (sg): SimpleGate()
        (conv4): Conv2D(24, 48, kernel_size=[1, 1], data_format=NCHW)
        (conv5): Conv2D(24, 24, kernel_size=[1, 1], data_format=NCHW)
        (norm1): LayerNorm(
          (body): WithBias_LayerNorm()
        )
        (norm2): LayerNorm(
          (body): WithBias_LayerNorm()
        )
        (dropout1): Identity()
        (dropout2): Identity()
      )
    )
  )
  (middle_blks): Sequential(
    (0): NAFBlock(
      (conv1): Conv2D(384, 768, kernel_size=[1, 1], data_format=NCHW)
      (conv2): Conv2D(768, 768, kernel_size=[3, 3], padding=1, groups=768, data_format=NCHW)
      (conv3): Conv2D(384, 384, kernel_size=[1, 1], data_format=NCHW)
      (sca): Sequential(
        (0): AdaptiveAvgPool2D(output_size=1)
        (1): Conv2D(384, 384, kernel_size=[1, 1], data_format=NCHW)
      )
      (sg): SimpleGate()
      (conv4): Conv2D(384, 768, kernel_size=[1, 1], data_format=NCHW)
      (conv5): Conv2D(384, 384, kernel_size=[1, 1], data_format=NCHW)
      (norm1): LayerNorm(
        (body): WithBias_LayerNorm()
      )
      (norm2): LayerNorm(
        (body): WithBias_LayerNorm()
      )
      (dropout1): Identity()
      (dropout2): Identity()
    )
  )
  (ups): LayerList(
    (0): Sequential(
      (0): Conv2D(384, 768, kernel_size=[1, 1], data_format=NCHW)
      (1): PixelShuffle(upscale_factor=2)
    )
    (1): Sequential(
      (0): Conv2D(192, 384, kernel_size=[1, 1], data_format=NCHW)
      (1): PixelShuffle(upscale_factor=2)
    )
    (2): Sequential(
      (0): Conv2D(96, 192, kernel_size=[1, 1], data_format=NCHW)
      (1): PixelShuffle(upscale_factor=2)
    )
    (3): Sequential(
      (0): Conv2D(48, 96, kernel_size=[1, 1], data_format=NCHW)
      (1): PixelShuffle(upscale_factor=2)
    )
  )
  (downs): LayerList(
    (0): Conv2D(24, 48, kernel_size=[2, 2], stride=[2, 2], data_format=NCHW)
    (1): Conv2D(48, 96, kernel_size=[2, 2], stride=[2, 2], data_format=NCHW)
    (2): Conv2D(96, 192, kernel_size=[2, 2], stride=[2, 2], data_format=NCHW)
    (3): Conv2D(192, 384, kernel_size=[2, 2], stride=[2, 2], data_format=NCHW)
  )
)
2026-02-10 21:16:07,436 INFO: Training statistics:
	Number of train images: 9309
	Dataset enlarge ratio: 1
	Batch size per gpu: 8
	World size (gpu number): 1
	Require iter number per epoch: 1163
	Total epochs: 516; iters: 600000.
2026-02-10 21:16:07,437 INFO: Number of val images/folders in ValSet: 100
2026-02-10 21:16:07,458 INFO: load resume state_dict: file/output/model/best_model
2026-02-10 21:16:07,494 INFO: Start training from epoch: 0, iter: 0
2026-02-10 21:16:07,697 INFO: 
 Updating Patch_Size to 192 and Batch_Size to 8 

2026-02-10 21:16:30,338 INFO: epoch:0, iter:100, lr: 0.000200 loss: 0.039785  eta: 1 day, 13:41:22, time (data): 0.236
2026-02-10 21:16:53,357 INFO: epoch:0, iter:200, lr: 0.000200 loss: 0.036944  eta: 1 day, 14:00:58, time (data): 0.244
2026-02-10 21:17:16,148 INFO: epoch:0, iter:300, lr: 0.000200 loss: 0.029965  eta: 1 day, 13:59:42, time (data): 0.213
2026-02-10 21:17:39,049 INFO: epoch:0, iter:400, lr: 0.000200 loss: 0.035292  eta: 1 day, 14:01:38, time (data): 0.223
2026-02-10 21:18:01,961 INFO: epoch:0, iter:500, lr: 0.000200 loss: 0.057918  eta: 1 day, 14:02:51, time (data): 0.226
2026-02-10 21:18:24,932 INFO: epoch:0, iter:600, lr: 0.000200 loss: 0.049971  eta: 1 day, 14:04:31, time (data): 0.231
2026-02-10 21:18:47,899 INFO: epoch:0, iter:700, lr: 0.000200 loss: 0.037958  eta: 1 day, 14:05:33, time (data): 0.223
2026-02-10 21:19:10,640 INFO: epoch:0, iter:800, lr: 0.000200 loss: 0.033886  eta: 1 day, 14:03:24, time (data): 0.218
2026-02-10 21:19:33,579 INFO: epoch:0, iter:900, lr: 0.000200 loss: 0.049122  eta: 1 day, 14:03:51, time (data): 0.218
2026-02-10 21:19:56,364 INFO: epoch:0, iter:1000, lr: 0.000200 loss: 0.046992  eta: 1 day, 14:02:35, time (data): 0.242
2026-02-10 21:19:56,364 INFO: Saving models and training states on epoch 0.
2026-02-10 21:19:56,514 INFO: Saving models and training states done.
2026-02-10 21:20:35,930 INFO: Validation ValSet,		 # psnr: 23.8188
2026-02-10 21:20:35,933 INFO: Saving best models and training states on epoch 0.
2026-02-10 21:20:57,882 INFO: epoch:0, iter:1100, lr: 0.000200 loss: 0.019719  eta: 1 day, 19:52:39, time (data): 0.211
